2026-07-30 12:07:16 - src.masks - INFO - Получен номер карты: 1234567890123456
2026-07-30 12:07:16 - src.masks - INFO - Замаскированный номер карты: 1234 56** **** 3456
2026-07-30 12:07:16 - src.masks - INFO - Получен номер счета: 1234567890
2026-07-30 12:07:16 - src.masks - INFO - Замаскированный номер счета: **7890
2026-07-30 13:57:58 - src.masks - INFO - Получен номер карты: 1234567890123456
2026-07-30 13:57:58 - src.masks - INFO - Замаскированный номер карты: 1234 56** **** 3456
2026-07-30 13:57:58 - src.masks - INFO - Получен номер карты: 1234
2026-07-30 13:57:58 - src.masks - ERROR - Некорректный номер карты: 1234
2026-07-30 13:57:58 - src.masks - INFO - Получен номер счета: 1234567890
2026-07-30 13:57:58 - src.masks - INFO - Замаскированный номер счета: **7890
2026-07-30 13:57:58 - src.masks - INFO - Получен номер счета: 1234
2026-07-30 13:57:58 - src.masks - INFO - Замаскированный номер счета: **1234
2026-07-30 13:57:58 - src.masks - INFO - Получен номер счета: 123
2026-07-30 13:57:58 - src.masks - ERROR - Некорректный номер счета: 123
2026-07-30 13:58:29 - src.masks - INFO - Получен номер карты: 1234567890123456
2026-07-30 13:58:29 - src.masks - INFO - Замаскированный номер карты: 1234 56** **** 3456
2026-07-30 13:58:29 - src.masks - INFO - Получен номер счета: 1234567890
2026-07-30 13:58:29 - src.masks - INFO - Замаскированный номер счета: **7890
2026-07-30 14:01:47 - src.masks - INFO - Получен номер карты: 1234567890123456
2026-07-30 14:01:47 - src.masks - INFO - Замаскированный номер карты: 1234 56** **** 3456
2026-07-30 14:01:47 - src.masks - INFO - Получен номер карты: 1234
2026-07-30 14:01:47 - src.masks - ERROR - Некорректный номер карты: 1234
2026-07-30 14:01:47 - src.masks - INFO - Получен номер счета: 1234567890
2026-07-30 14:01:47 - src.masks - INFO - Замаскированный номер счета: **7890
2026-07-30 14:01:47 - src.masks - INFO - Получен номер счета: 1234
2026-07-30 14:01:47 - src.masks - INFO - Замаскированный номер счета: **1234
2026-07-30 14:01:47 - src.masks - INFO - Получен номер счета: 123
2026-07-30 14:01:47 - src.masks - ERROR - Некорректный номер счета: 123
2026-07-30 14:01:56 - src.masks - INFO - Получен номер карты: 1234567890123456
2026-07-30 14:01:56 - src.masks - INFO - Замаскированный номер карты: 1234 56** **** 3456
2026-07-30 14:01:56 - src.masks - INFO - Получен номер счета: 1234567890
2026-07-30 14:01:56 - src.masks - INFO - Замаскированный номер счета: **7890
